Microchip MPLAB XC8 Compiler V2.46

Linker command line:

-W-3 \
  --edf=C:\Program Files\Microchip\xc8\v2.46\pic\dat\20240104201356_en.msgs \
  --msgdisable=0 -cn -h+dist/default/debug\application.X.debug.sym \
  --cmf=dist/default/debug\application.X.debug.cmf -z -Q18F4620 \
  -oC:\Users\smart\AppData\Local\Temp\xcAsds8.\driver_tmp_3.o \
  --defsym=__MPLAB_BUILD=1 --fixupoverflow=error \
  -Mdist/default/debug/application.X.debug.map \
  --md=C:\Users\smart\AppData\Local\Temp\xcAsds8.\driver_tmp_0.dat -E1 \
  -ver=XC8 Compiler --acfsm=1493 -ACODE=00h-0FFFFh -ACONST=00h-0FFFFh \
  -ASMALLCONST=01000h-010FFhx240 -AMEDIUMCONST=01000h-0FFFFh \
  -ACOMRAM=01h-07Fh -AABS1=00h-0F7Fh -ABIGRAM=01h-0F7Fh \
  -ARAM=080h-0FFh,0100h-01FFhx14,0F00h-0F7Fh -ABANK0=080h-0FFh \
  -ABANK1=0100h-01FFh -ABANK2=0200h-02FFh -ABANK3=0300h-03FFh \
  -ABANK4=0400h-04FFh -ABANK5=0500h-05FFh -ABANK6=0600h-06FFh \
  -ABANK7=0700h-07FFh -ABANK8=0800h-08FFh -ABANK9=0900h-09FFh \
  -ABANK10=0A00h-0AFFh -ABANK11=0B00h-0BFFh -ABANK12=0C00h-0CFFh \
  -ABANK13=0D00h-0DFFh -ABANK14=0E00h-0EFFh -ABANK15=0F00h-0F7Fh \
  -ASFR=0F80h-0FFFh -ABIGSFR=0F80h-0FFFh -ACONFIG=0300000h-030000Dh \
  -AIDLOC=0200000h-0200007h -AEEDATA=0F00000h-0F003FFh -peeprom_data=EEDATA \
  -preset_vec=00h,intcode=8h,intcodelo=18h,powerup,init -pramtop=01000h \
  -psmallconst=SMALLCONST -pmediumconst=MEDIUMCONST -pconst=CONST \
  -AFARRAM=00h-00h \
  -prdata=COMRAM,nvrram=COMRAM,nvbit=COMRAM,rbss=COMRAM,rbit=COMRAM \
  -pfarbss=FARRAM,fardata=FARRAM,nvFARRAM=FARRAM \
  -pintsave_regs=BIGRAM,bigbss=BIGRAM,bigdata=BIGRAM -pbss=RAM \
  -pidata=CODE,irdata=CODE,ibigdata=CODE,ifardata=CODE -prparam=COMRAM \
  C:\Users\smart\AppData\Local\Temp\xcAsds8.\driver_tmp_9.o \
  dist/default/debug\application.X.debug.o 

Object code version is 3.11

Machine type is 18F4620



                Name                               Link     Load   Length Selector   Space Scale
C:\Users\smart\AppData\Local\Temp\xcAsds8.\driver_tmp_9.o
                config                           300000   300000        E        0       4
                init                                 46       46        4        C       0
                reset_vec                             0        0        4        0       0
dist/default/debug\application.X.debug.o
                intcodelo                            18       18       2E        C       0
                intcode                               8        8        6        4       0
                config                           300000   300000        E        0       4
                temp                                 7C       7C        1        1       1
                smallconst                         1000     1000        2      800       0
                text21                             247C     247C        4      801       0
                text20                             2478     2478        4      801       0
                intcode_body                       23E6     23E6       46      801       0
                text18                             2474     2474        4      801       0
                text16                             2482     2482        2      801       0
                text15                             1E9C     1E9C      10C      801       0
                text14                             242C     242C       26      801       0
                text13                             2184     2184       C4      801       0
                text12                             1C7A     1C7A      112      801       0
                text11                             1D8C     1D8C      110      801       0
                text10                             2388     2388       5E      801       0
                text9                              197A     197A      1A8      801       0
                text8                              142C     142C      39A      801       0
                text7                              1002     1002      42A      801       0
                text6                              1FA8     1FA8      106      801       0
                text5                              17C6     17C6      1B4      801       0
                text4                              1B22     1B22      158      801       0
                text3                              2324     2324       64      801       0
                text2                              20AE     20AE       D6      801       0
                text1                              2480     2480        2      801       0
                text0                              2248     2248       76      801       0
                cstackCOMRAM                          1        1       4F        1       1
                cstackBANK0                          B1       B1        3       80       1
                dataBANK0                            80       80       1E       80       1
                bssBANK0                             9E       9E       13       80       1
                dataCOMRAM                           78       78        4        1       1
                bssCOMRAM                            50       50       28        1       1
                cinit                              22BE     22BE       66      801       0
                idataBANK0                         2452     2452       1E      801       0
                idataCOMRAM                        2470     2470        4      801       0

TOTAL           Name                               Link     Load   Length     Space
        CLASS   CODE           
                intcodelo                            18       18       2E         0
                intcode                               8        8        6         0
                init                                 46       46        4         0
                reset_vec                             0        0        4         0
                text21                             247C     247C        4         0
                text20                             2478     2478        4         0
                intcode_body                       23E6     23E6       46         0
                text18                             2474     2474        4         0
                text16                             2482     2482        2         0
                text15                             1E9C     1E9C      10C         0
                text14                             242C     242C       26         0
                text13                             2184     2184       C4         0
                text12                             1C7A     1C7A      112         0
                text11                             1D8C     1D8C      110         0
                text10                             2388     2388       5E         0
                text9                              197A     197A      1A8         0
                text8                              142C     142C      39A         0
                text7                              1002     1002      42A         0
                text6                              1FA8     1FA8      106         0
                text5                              17C6     17C6      1B4         0
                text4                              1B22     1B22      158         0
                text3                              2324     2324       64         0
                text2                              20AE     20AE       D6         0
                text1                              2480     2480        2         0
                text0                              2248     2248       76         0
                cinit                              22BE     22BE       66         0
                idataBANK0                         2452     2452       1E         0
                idataCOMRAM                        2470     2470        4         0

        CLASS   CONST          

        CLASS   SMALLCONST     
                smallconst                         1000     1000        2         0

        CLASS   MEDIUMCONST    

        CLASS   COMRAM         
                temp                                 7C       7C        1         1
                cstackCOMRAM                          1        1       4F         1
                dataCOMRAM                           78       78        4         1
                bssCOMRAM                            50       50       28         1

        CLASS   ABS1           

        CLASS   BIGRAM         

        CLASS   RAM            

        CLASS   BANK0          
                cstackBANK0                          B1       B1        3         1
                dataBANK0                            80       80       1E         1
                bssBANK0                             9E       9E       13         1

        CLASS   BANK1          

        CLASS   BANK2          

        CLASS   BANK3          

        CLASS   BANK4          

        CLASS   BANK5          

        CLASS   BANK6          

        CLASS   BANK7          

        CLASS   BANK8          

        CLASS   BANK9          

        CLASS   BANK10         

        CLASS   BANK11         

        CLASS   BANK12         

        CLASS   BANK13         

        CLASS   BANK14         

        CLASS   BANK15         

        CLASS   SFR            

        CLASS   BIGSFR         

        CLASS   CONFIG         
                config                           300000   300000        E         4

        CLASS   IDLOC          

        CLASS   EEDATA         

        CLASS   FARRAM         

        CLASS   HEAP           

        CLASS   STACK          



SEGMENTS        Name                           Load    Length   Top    Selector   Space  Class

                reset_vec                      000000  000004  000004         0       0  CODE    
                cstackCOMRAM                   000001  00007C  00007D         1       1  COMRAM  
                intcode                        000008  000006  00000E         4       0  CODE    
                intcodelo                      000018  000032  00004A         C       0  CODE    
                dataBANK0                      000080  000034  0000B4        80       1  BANK0   
                smallconst                     001000  000002  001002       800       0  SMALLCON
                text7                          001002  001482  002484       801       0  CODE    


UNUSED ADDRESS RANGES

        Name                Unused          Largest block    Delta
        BANK0            0000B4-0000FF               4C
        BANK1            000100-0001FF              100
        BANK10           000A00-000AFF              100
        BANK11           000B00-000BFF              100
        BANK12           000C00-000CFF              100
        BANK13           000D00-000DFF              100
        BANK14           000E00-000EFF              100
        BANK15           000F00-000F7F               80
        BANK2            000200-0002FF              100
        BANK3            000300-0003FF              100
        BANK4            000400-0004FF              100
        BANK5            000500-0005FF              100
        BANK6            000600-0006FF              100
        BANK7            000700-0007FF              100
        BANK8            000800-0008FF              100
        BANK9            000900-0009FF              100
        BIGRAM           00007D-00007F                3
                         0000B4-000F7F              ECC
        BIGSFR           000F80-000FFF               80
        CODE             000004-000007                4
                         00000E-000017                A
                         00004A-000FFF              FB6
                         002484-00FFFF             DB7C
        COMRAM           00007D-00007F                3
        CONST            000004-000007                4
                         00000E-000017                A
                         00004A-000FFF              FB6
                         002484-00FFFF             DB7C
        EEDATA           F00000-F003FF              400
        IDLOC            200000-200007                8
        MEDIUMCONST      002484-00FFFF             DB7C
        RAM              0000B4-000F7F              100
        SFR              000F80-000FFF               80
        SMALLCONST       002484-00FFFF              100

                                  Symbol Table

?___aldiv                                cstackCOMRAM 000008
?___fldiv                                cstackCOMRAM 000010
?___flmul                                cstackCOMRAM 000029
?___fltol                                cstackCOMRAM 000042
?___wmul                                 cstackCOMRAM 000002
?___xxtofl                               cstackCOMRAM 000002
CCP_Init@_ccp_obj                        cstackCOMRAM 000019
CCP_Init@ret                             cstackCOMRAM 00001B
CCP_Interrupt_Config@_ccp_obj            cstackCOMRAM 000002
CCP_PWM_Mode_Config@_ccp_obj             cstackCOMRAM 000016
CCP_PWM_Set_Duty@_ccp_obj                cstackCOMRAM 00004C
CCP_PWM_Set_Duty@_duty                   cstackCOMRAM 00004D
CCP_PWM_Set_Duty@l_duty_temp             cstackBANK0  0000B2
CCP_PWM_Set_Duty@ret                     cstackBANK0  0000B1
CCP_PWM_Start@_ccp_obj                   cstackCOMRAM 000002
CCP_PWM_Start@ret                        cstackCOMRAM 000004
Timer2_Init@_timer                       cstackCOMRAM 000002
Timer2_Init@ret                          cstackCOMRAM 000004
_ADCON0bits                              (abs)        000FC2
_ADCON1bits                              (abs)        000FC1
_ADCON2bits                              (abs)        000FC0
_ADC_InterruptHandler                    bssCOMRAM    000074
_ADRESH                                  (abs)        000FC4
_ADRESL                                  (abs)        000FC3
_CCP1CONbits                             (abs)        000FBD
_CCP2CONbits                             (abs)        000FBA
_CCPR1L                                  (abs)        000FBE
_CCPR2L                                  (abs)        000FBB
_CCP_Init                                text9        00197A
_CCP_Interrupt_Config                    text16       002482
_CCP_PWM_Mode_Config                     text13       002184
_CCP_PWM_Set_Duty                        text4        001B22
_CCP_PWM_Start                           text3        002324
_EEADR                                   (abs)        000FA9
_EEADRH                                  (abs)        000FAA
_EECON1bits                              (abs)        000FA6
_EECON2                                  (abs)        000FA7
_EEDATA                                  (abs)        000FA8
_INT0_ISR                                text21       00247C
_INT0_InterruptHandler                   bssCOMRAM    000072
_INT1_ISR                                text18       002474
_INT1_InterruptHandler                   bssCOMRAM    000070
_INT2_ISR                                text20       002478
_INT2_InterruptHandler                   bssCOMRAM    00006E
_INTCON2bits                             (abs)        000FF1
_INTCON3bits                             (abs)        000FF0
_INTCONbits                              (abs)        000FF2
_IPR1bits                                (abs)        000F9F
_IPR2bits                                (abs)        000FA2
_InterruptManagerHigh                    intcode      000008
_InterruptManagerLow                     intcodelo    000018
_LATA                                    (abs)        000F89
_LATB                                    (abs)        000F8A
_LATC                                    (abs)        000F8B
_LATD                                    (abs)        000F8C
_LATE                                    (abs)        000F8D
_PIE1bits                                (abs)        000F9D
_PIE2bits                                (abs)        000FA0
_PIR1bits                                (abs)        000F9E
_PIR2bits                                (abs)        000FA1
_PORTA                                   (abs)        000F80
_PORTB                                   (abs)        000F81
_PORTC                                   (abs)        000F82
_PORTD                                   (abs)        000F83
_PORTE                                   (abs)        000F84
_PR2                                     (abs)        000FCB
_RB4_Flag                                dataCOMRAM   00007B
_RB4_InterruptHandlerHigh                bssCOMRAM    00006C
_RB4_InterruptHandlerLow                 bssCOMRAM    00006A
_RB5_Flag                                dataCOMRAM   00007A
_RB5_InterruptHandlerHigh                bssCOMRAM    000068
_RB5_InterruptHandlerLow                 bssCOMRAM    000066
_RB6_Flag                                dataCOMRAM   000079
_RB6_InterruptHandlerHigh                bssCOMRAM    000064
_RB6_InterruptHandlerLow                 bssCOMRAM    000062
_RB7_Flag                                dataCOMRAM   000078
_RB7_InterruptHandlerHigh                bssCOMRAM    000060
_RB7_InterruptHandlerLow                 bssCOMRAM    00005E
_RCONbits                                (abs)        000FD0
_T0CONbits                               (abs)        000FD5
_T1CONbits                               (abs)        000FCD
_T2CONbits                               (abs)        000FCA
_T3CONbits                               (abs)        000FB1
_TMR0H                                   (abs)        000FD7
_TMR0L                                   (abs)        000FD6
_TMR0_InterruptHandler                   bssCOMRAM    00005C
_TMR1H                                   (abs)        000FCF
_TMR1L                                   (abs)        000FCE
_TMR1_InterruptHandler                   bssCOMRAM    000058
_TMR2                                    (abs)        000FCC
_TMR2_InterruptHandler                   bssCOMRAM    000054
_TMR3H                                   (abs)        000FB3
_TMR3L                                   (abs)        000FB2
_TMR3_InterruptHandler                   bssBANK0     00009E
_TRISA                                   (abs)        000F92
_TRISB                                   (abs)        000F93
_TRISC                                   (abs)        000F94
_TRISD                                   (abs)        000F95
_TRISE                                   (abs)        000F96
_Timer2_Init                             text2        0020AE
__HRAM                                   (abs)        000000
__H__absolute__                          __absolute__ 000000
__Habs1                                  abs1         000000
__Hbank0                                 bank0        000000
__Hbank1                                 bank1        000000
__Hbank10                                bank10       000000
__Hbank11                                bank11       000000
__Hbank12                                bank12       000000
__Hbank13                                bank13       000000
__Hbank14                                bank14       000000
__Hbank15                                bank15       000000
__Hbank2                                 bank2        000000
__Hbank3                                 bank3        000000
__Hbank4                                 bank4        000000
__Hbank5                                 bank5        000000
__Hbank6                                 bank6        000000
__Hbank7                                 bank7        000000
__Hbank8                                 bank8        000000
__Hbank9                                 bank9        000000
__Hbigbss                                bigbss       000000
__Hbigdata                               bigdata      000000
__Hbigram                                bigram       000000
__Hbigsfr                                bigsfr       000000
__Hbss                                   bss          000000
__HbssBANK0                              bssBANK0     000000
__HbssCOMRAM                             bssCOMRAM    000000
__Hcinit                                 cinit        000000
__Hclrtext                               clrtext      000000
__Hcomram                                comram       000000
__Hconfig                                config       30000E
__Hconst                                 const        000000
__HcstackBANK0                           cstackBANK0  000000
__HcstackCOMRAM                          cstackCOMRAM 000000
__Hdata                                  data         000000
__HdataBANK0                             dataBANK0    000000
__HdataCOMRAM                            dataCOMRAM   000000
__Heeprom_data                           eeprom_data  000000
__Hfarbss                                farbss       000000
__Hfardata                               fardata      000000
__Hheap                                  heap         000000
__Hibigdata                              ibigdata     000000
__Hidata                                 idata        000000
__HidataBANK0                            idataBANK0   000000
__HidataCOMRAM                           idataCOMRAM  000000
__Hidloc                                 idloc        000000
__Hifardata                              ifardata     000000
__Hinit                                  init         00004A
__Hintcode                               intcode      00000E
__Hintcode_body                          intcode_body 000000
__Hintcodelo                             intcodelo    000046
__Hintentry                              intentry     000000
__Hintret                                intret       000000
__Hintsave_regs                          intsave_regs 000000
__Hirdata                                irdata       000000
__Hmediumconst                           mediumconst  000000
__HnvFARRAM                              nvFARRAM     000000
__Hnvbit                                 nvbit        000000
__Hnvrram                                nvrram       000000
__Hparam                                 rparam       000000
__Hpowerup                               powerup      000046
__Hram                                   ram          000000
__Hramtop                                ramtop       001000
__Hrbit                                  rbit         000000
__Hrbss                                  rbss         000000
__Hrdata                                 rdata        000000
__Hreset_vec                             reset_vec    000004
__Hrparam                                rparam       000000
__Hsfr                                   sfr          000000
__Hsivt_hi                               sivt_hi      000000
__Hsivt_lo                               sivt_lo      000000
__Hsmallconst                            smallconst   001002
__Hspace_0                               (abs)        002484
__Hspace_1                               (abs)        0000B4
__Hspace_2                               (abs)        000000
__Hspace_4                               (abs)        60000E
__Hstack                                 stack        000000
__Hstruct                                struct       000000
__Htemp                                  temp         00007D
__Htext                                  text         000000
__Htext0                                 text0        000000
__Htext1                                 text1        000000
__Htext10                                text10       000000
__Htext11                                text11       000000
__Htext12                                text12       000000
__Htext13                                text13       000000
__Htext14                                text14       000000
__Htext15                                text15       000000
__Htext16                                text16       000000
__Htext18                                text18       000000
__Htext2                                 text2        000000
__Htext20                                text20       000000
__Htext21                                text21       000000
__Htext3                                 text3        000000
__Htext4                                 text4        000000
__Htext5                                 text5        000000
__Htext6                                 text6        000000
__Htext7                                 text7        000000
__Htext8                                 text8        000000
__Htext9                                 text9        000000
__LRAM                                   (abs)        000001
__L__absolute__                          __absolute__ 000000
__Labs1                                  abs1         000000
__Lbank0                                 bank0        000000
__Lbank1                                 bank1        000000
__Lbank10                                bank10       000000
__Lbank11                                bank11       000000
__Lbank12                                bank12       000000
__Lbank13                                bank13       000000
__Lbank14                                bank14       000000
__Lbank15                                bank15       000000
__Lbank2                                 bank2        000000
__Lbank3                                 bank3        000000
__Lbank4                                 bank4        000000
__Lbank5                                 bank5        000000
__Lbank6                                 bank6        000000
__Lbank7                                 bank7        000000
__Lbank8                                 bank8        000000
__Lbank9                                 bank9        000000
__Lbigbss                                bigbss       000000
__Lbigdata                               bigdata      000000
__Lbigram                                bigram       000000
__Lbigsfr                                bigsfr       000000
__Lbss                                   bss          000000
__LbssBANK0                              bssBANK0     000000
__LbssCOMRAM                             bssCOMRAM    000000
__Lcinit                                 cinit        000000
__Lclrtext                               clrtext      000000
__Lcomram                                comram       000000
__Lconfig                                config       000000
__Lconst                                 const        000000
__LcstackBANK0                           cstackBANK0  000000
__LcstackCOMRAM                          cstackCOMRAM 000000
__Ldata                                  data         000000
__LdataBANK0                             dataBANK0    000000
__LdataCOMRAM                            dataCOMRAM   000000
__Leeprom_data                           eeprom_data  000000
__Lfarbss                                farbss       000000
__Lfardata                               fardata      000000
__Lheap                                  heap         000000
__Libigdata                              ibigdata     000000
__Lidata                                 idata        000000
__LidataBANK0                            idataBANK0   000000
__LidataCOMRAM                           idataCOMRAM  000000
__Lidloc                                 idloc        000000
__Lifardata                              ifardata     000000
__Linit                                  init         000046
__Lintcode                               intcode      000008
__Lintcode_body                          intcode_body 000000
__Lintcodelo                             intcodelo    000018
__Lintentry                              intentry     000000
__Lintret                                intret       000000
__Lintsave_regs                          intsave_regs 000000
__Lirdata                                irdata       000000
__Lmediumconst                           mediumconst  000000
__LnvFARRAM                              nvFARRAM     000000
__Lnvbit                                 nvbit        000000
__Lnvrram                                nvrram       000000
__Lparam                                 rparam       000000
__Lpowerup                               powerup      000046
__Lram                                   ram          000000
__Lramtop                                ramtop       001000
__Lrbit                                  rbit         000000
__Lrbss                                  rbss         000000
__Lrdata                                 rdata        000000
__Lreset_vec                             reset_vec    000000
__Lrparam                                rparam       000000
__Lsfr                                   sfr          000000
__Lsivt_hi                               sivt_hi      000000
__Lsivt_lo                               sivt_lo      000000
__Lsmallconst                            smallconst   001000
__Lspace_0                               (abs)        000000
__Lspace_1                               (abs)        000000
__Lspace_2                               (abs)        000000
__Lspace_4                               (abs)        000000
__Lstack                                 stack        000000
__Lstruct                                struct       000000
__Ltemp                                  temp         00007C
__Ltext                                  text         000000
__Ltext0                                 text0        000000
__Ltext1                                 text1        000000
__Ltext10                                text10       000000
__Ltext11                                text11       000000
__Ltext12                                text12       000000
__Ltext13                                text13       000000
__Ltext14                                text14       000000
__Ltext15                                text15       000000
__Ltext16                                text16       000000
__Ltext18                                text18       000000
__Ltext2                                 text2        000000
__Ltext20                                text20       000000
__Ltext21                                text21       000000
__Ltext3                                 text3        000000
__Ltext4                                 text4        000000
__Ltext5                                 text5        000000
__Ltext6                                 text6        000000
__Ltext7                                 text7        000000
__Ltext8                                 text8        000000
__Ltext9                                 text9        000000
__S0                                     (abs)        002484
__S1                                     (abs)        0000B4
__S4                                     (abs)        000000
__S5                                     (abs)        000000
___aldiv                                 text15       001E9C
___aldiv@counter                         cstackCOMRAM 000010
___aldiv@dividend                        cstackCOMRAM 000008
___aldiv@divisor                         cstackCOMRAM 00000C
___aldiv@quotient                        cstackCOMRAM 000012
___aldiv@sign                            cstackCOMRAM 000011
___fldiv                                 text8        00142C
___fldiv@a                               cstackCOMRAM 000014
___fldiv@aexp                            cstackCOMRAM 000028
___fldiv@b                               cstackCOMRAM 000010
___fldiv@bexp                            cstackCOMRAM 000027
___fldiv@grs                             cstackCOMRAM 000023
___fldiv@new_exp                         cstackCOMRAM 000021
___fldiv@rem                             cstackCOMRAM 00001C
___fldiv@sign                            cstackCOMRAM 000020
___flmul                                 text7        001002
___flmul@a                               cstackCOMRAM 00002D
___flmul@aexp                            cstackCOMRAM 000036
___flmul@b                               cstackCOMRAM 000029
___flmul@bexp                            cstackCOMRAM 00003B
___flmul@grs                             cstackCOMRAM 000037
___flmul@prod                            cstackCOMRAM 00003C
___flmul@sign                            cstackCOMRAM 000035
___flmul@temp                            cstackCOMRAM 000040
___fltol                                 text6        001FA8
___fltol@exp1                            cstackCOMRAM 00004B
___fltol@f1                              cstackCOMRAM 000042
___fltol@sign1                           cstackCOMRAM 00004A
___heap_hi                               (abs)        000000
___heap_lo                               (abs)        000000
___inthi_sp                              stack        000000
___inthi_stack_hi                        stack        000000
___inthi_stack_lo                        stack        000000
___intlo_sp                              stack        000000
___intlo_stack_hi                        stack        000000
___intlo_stack_lo                        stack        000000
___param_bank                            (abs)        000000
___rparam_used                           (abs)        000001
___sp                                    stack        000000
___stack_hi                              stack        000000
___stack_lo                              stack        000000
___wmul                                  text14       00242C
___wmul@multiplicand                     cstackCOMRAM 000004
___wmul@multiplier                       cstackCOMRAM 000002
___wmul@product                          cstackCOMRAM 000006
___xxtofl                                text5        0017C6
___xxtofl@arg                            cstackCOMRAM 00000C
___xxtofl@exp                            cstackCOMRAM 00000B
___xxtofl@sign                           cstackCOMRAM 00000A
___xxtofl@val                            cstackCOMRAM 000002
__accesstop                              (abs)        000080
__activetblptr                           (abs)        000002
__end_of_CCP_Init                        text9        001B22
__end_of_CCP_Interrupt_Config            text16       002484
__end_of_CCP_PWM_Mode_Config             text13       002248
__end_of_CCP_PWM_Set_Duty                text4        001C7A
__end_of_CCP_PWM_Start                   text3        002388
__end_of_INT0_ISR                        text21       002480
__end_of_INT1_ISR                        text18       002478
__end_of_INT2_ISR                        text20       00247C
__end_of_InterruptManagerHigh            intcode_body 00242C
__end_of_InterruptManagerLow             intcodelo    000046
__end_of_Timer2_Init                     text2        002184
__end_of___aldiv                         text15       001FA8
__end_of___fldiv                         text8        0017C6
__end_of___flmul                         text7        00142C
__end_of___fltol                         text6        0020AE
__end_of___wmul                          text14       002452
__end_of___xxtofl                        text5        00197A
__end_of__initialization                 cinit        002316
__end_of_application_intialize           text1        002482
__end_of_gpio_pin_direction_intialize    text12       001D8C
__end_of_gpio_pin_intialize              text10       0023E6
__end_of_gpio_pin_write_logic            text11       001E9C
__end_of_main                            text0        0022BE
__initialization                         cinit        0022BE
__mediumconst                            mediumconst  000000
__pbssBANK0                              bssBANK0     00009E
__pbssCOMRAM                             bssCOMRAM    000050
__pcinit                                 cinit        0022BE
__pcstackBANK0                           cstackBANK0  0000B1
__pcstackCOMRAM                          cstackCOMRAM 000001
__pdataBANK0                             dataBANK0    000080
__pdataCOMRAM                            dataCOMRAM   000078
__pidataBANK0                            idataBANK0   002452
__pidataCOMRAM                           idataCOMRAM  002470
__pintcode                               intcode      000008
__pintcode_body                          intcode_body 0023E6
__pintcodelo                             intcodelo    000018
__psmallconst                            smallconst   001000
__ptext0                                 text0        002248
__ptext1                                 text1        002480
__ptext10                                text10       002388
__ptext11                                text11       001D8C
__ptext12                                text12       001C7A
__ptext13                                text13       002184
__ptext14                                text14       00242C
__ptext15                                text15       001E9C
__ptext16                                text16       002482
__ptext18                                text18       002474
__ptext2                                 text2        0020AE
__ptext20                                text20       002478
__ptext21                                text21       00247C
__ptext3                                 text3        002324
__ptext4                                 text4        001B22
__ptext5                                 text5        0017C6
__ptext6                                 text6        001FA8
__ptext7                                 text7        001002
__ptext8                                 text8        00142C
__ptext9                                 text9        00197A
__ramtop                                 ramtop       001000
__smallconst                             smallconst   001000
_application_intialize                   text1        002480
_ccp1_obj                                bssBANK0     0000A4
_dc_motor_1                              bssBANK0     0000A2
_dc_motor_2                              bssBANK0     0000A0
_gpio_pin_direction_intialize            text12       001C7A
_gpio_pin_intialize                      text10       002388
_gpio_pin_write_logic                    text11       001D8C
_lat_registers                           dataBANK0    00008A
_main                                    text0        002248
_port_registers                          dataBANK0    000080
_timer0_preload                          bssCOMRAM    00005A
_timer1_preload                          bssCOMRAM    000056
_timer2_obj                              bssBANK0     0000AC
_timer2_preload                          bssCOMRAM    000052
_timer3_preload                          bssCOMRAM    000050
_tris_registers                          dataBANK0    000094
btemp                                    temp         00007C
end_of_initialization                    cinit        002316
gpio_pin_direction_intialize@_pin_config cstackCOMRAM 000002
gpio_pin_direction_intialize@ret         cstackCOMRAM 000008
gpio_pin_intialize@_pin_config           cstackCOMRAM 00000A
gpio_pin_intialize@ret                   cstackCOMRAM 00000C
gpio_pin_write_logic@_pin_config         cstackCOMRAM 000002
gpio_pin_write_logic@logic               cstackCOMRAM 000003
gpio_pin_write_logic@ret                 cstackCOMRAM 000009
int$flags                                temp         00007C
int_func                                 intcode_body 0023E6
intlevel0                                text         000000
intlevel1                                text         000000
intlevel2                                text         000000
intlevel3                                text         000000
isa$std                                  (abs)        000001
isa$xinst                                (abs)        000000
stackhi                                  (abs)        000000
stacklo                                  (abs)        000000
start                                    init         000046
start_initialization                     cinit        0022BE
ttemp5                                   temp         00007D
ttemp6                                   temp         000080
ttemp7                                   temp         000084
wtemp8                                   temp         00007D


MODULE INFORMATION

Module		Function		Class		Link	Load	Size
MCAL_Layer/CCP1/CCP1.c
		_CCP_PWM_Mode_Config		CODE           	2184	0000	196
		_CCP_Init      		CODE           	197A	0000	424
		_CCP_PWM_Start 		CODE           	2324	0000	100
		_CCP_PWM_Set_Duty		CODE           	1B22	0000	344
		_CCP_Interrupt_Config		CODE           	2482	0000	2

MCAL_Layer/CCP1/CCP1.c estimated size: 1066

C:\Program Files\Microchip\xc8\v2.46\pic\sources\c99\common\fltol.c
		___fltol       		CODE           	1FA8	0000	262

C:\Program Files\Microchip\xc8\v2.46\pic\sources\c99\common\fltol.c estimated size: 262

MCAL_Layer/Interrupt/External_Interrupt.c
		_INT0_ISR      		CODE           	247C	0000	4
		_INT1_ISR      		CODE           	2474	0000	4
		_INT2_ISR      		CODE           	2478	0000	4

MCAL_Layer/Interrupt/External_Interrupt.c estimated size: 12

C:\Program Files\Microchip\xc8\v2.46\pic\sources\c99\common\xxtofl.c
		___xxtofl      		CODE           	17C6	0000	436

C:\Program Files\Microchip\xc8\v2.46\pic\sources\c99\common\xxtofl.c estimated size: 436

C:\Program Files\Microchip\xc8\v2.46\pic\sources\c99\common\aldiv.c
		___aldiv       		CODE           	1E9C	0000	268

C:\Program Files\Microchip\xc8\v2.46\pic\sources\c99\common\aldiv.c estimated size: 268

C:\Program Files\Microchip\xc8\v2.46\pic\sources\c99\common\sprcmul.c
		___flmul       		CODE           	1002	0000	1066

C:\Program Files\Microchip\xc8\v2.46\pic\sources\c99\common\sprcmul.c estimated size: 1066

C:\Program Files\Microchip\xc8\v2.46\pic\sources\c99\common\sprcdiv.c
		___fldiv       		CODE           	142C	0000	922

C:\Program Files\Microchip\xc8\v2.46\pic\sources\c99\common\sprcdiv.c estimated size: 922

shared
		__initialization		CODE           	22BE	0000	88

shared estimated size: 88

C:\Program Files\Microchip\xc8\v2.46\pic\sources\c99\common\Umul16.c
		___wmul        		CODE           	242C	0000	38

C:\Program Files\Microchip\xc8\v2.46\pic\sources\c99\common\Umul16.c estimated size: 38

MCAL_Layer/GPIO/hal_gpio.c
		_gpio_pin_write_logic		CODE           	1D8C	0000	272
		_gpio_pin_intialize		CODE           	2388	0000	94
		_gpio_pin_direction_intialize		CODE           	1C7A	0000	274

MCAL_Layer/GPIO/hal_gpio.c estimated size: 640

MCAL_Layer/Timer2/Timer2.c
		_Timer2_Init   		CODE           	20AE	0000	214

MCAL_Layer/Timer2/Timer2.c estimated size: 214

application.c
		_main          		CODE           	2248	0000	118
		_application_intialize		CODE           	2480	0000	2

application.c estimated size: 120

MCAL_Layer/Interrupt/Interrupt_manager.c
		_InterruptManagerLow		CODE           	0018	0000	46
		_InterruptManagerHigh		CODE           	0008	0000	76

MCAL_Layer/Interrupt/Interrupt_manager.c estimated size: 122

